label: gpt
label-id: 4A546240-D16A-A54C-A12F-91D8C359A02C
device: /dev/sda
unit: sectors
first-lba: 34
last-lba: 977105026
sector-size: 512

/dev/sda1 : start=          64, size=           1, type=CAB6E88E-ABF3-4102-A07A-D4BB9BE3C1D3, uuid=077FBBB3-D910-3448-B906-B144F30CFB49, name="RWFW"
/dev/sda2 : start=          65, size=           1, type=FE3A2A5D-4F32-41A7-B725-ACCC3285A309, uuid=CFD3EECB-3D80-1940-B5A3-C9FE7C3D0A5B, name="KERN-C", attrs="GUID:52,53,54,55"
/dev/sda3 : start=          66, size=           1, type=3CB8E202-3B7E-47DD-8A3C-7FF2A13CFCEC, uuid=50E399E1-E783-1744-B088-214110E24091, name="ROOT-C"
/dev/sda4 : start=          67, size=           1, type=2E0A753D-9E48-43B0-8337-B15192CB1B5E, uuid=767E2EA3-55DD-4148-B9F6-E8B8FC739509, name="reserved"
/dev/sda5 : start=          68, size=           1, type=2E0A753D-9E48-43B0-8337-B15192CB1B5E, uuid=D337D190-F368-1A49-9C06-83B5B8624DF3, name="reserved"
/dev/sda6 : start=          69, size=       32768, type=FE3A2A5D-4F32-41A7-B725-ACCC3285A309, uuid=AD59B3F8-CBEE-084A-91C6-FA597EF3B662, name="KERN-A", attrs="GUID:48,53,54,56"
/dev/sda7 : start=       32837, size=       32768, type=FE3A2A5D-4F32-41A7-B725-ACCC3285A309, uuid=4EC3ACA5-6CFE-9C4B-835A-4213A2441577, name="KERN-B", attrs="GUID:52,53,54,55"
/dev/sda8 : start=       69632, size=      163840, type=0FC63DAF-8483-4772-8E79-3D69D8477DE4, uuid=2B22440A-0E73-8F48-8D01-1B9F3532D489, name="OEM"
/dev/sda9 : start=      233472, size=     8388608, type=3CB8E202-3B7E-47DD-8A3C-7FF2A13CFCEC, uuid=6D9826A4-6B50-6B4A-B83D-3187D3B4A6BA, name="ROOT-B"
/dev/sda10 : start=     8622080, size=     8388608, type=3CB8E202-3B7E-47DD-8A3C-7FF2A13CFCEC, uuid=7018D3C9-3263-1447-87A6-DBED445D08AF, name="ROOT-A"
/dev/sda11 : start=    17010688, size=    67108864, type=0FC63DAF-8483-4772-8E79-3D69D8477DE4, uuid=7DE80D55-3BE2-6447-B3AD-5412845AC90C, name="STATE"
/dev/sda12 : start=    84119552, size=      524288, type=C12A7328-F81F-11D2-BA4B-00A0C93EC93B, uuid=55301CD2-FFCF-9A4C-85F0-E55517BB2C24, name="EFI-SYSTEM", attrs="LegacyBIOSBootable"
/dev/sda13 : start=    84643840, size=   446230592, type=7C3457EF-0000-11AA-AA11-00306543ECAC, uuid=43A1CC4D-F01D-415B-8AE0-4777C3CB4D51, name="Customer"
/dev/sda14 : start=   530876416, size=   446228480, type=EBD0A0A2-B9E5-4433-87C0-68B6B72699C7, uuid=B188E377-58ED-42C8-9B2A-6A36D7C5B8DC
