label: gpt
label-id: ABFF6D06-0059-D44E-9FA3-B23D4EB13301
device: /dev/sda
unit: sectors
first-lba: 34
last-lba: 500118158
sector-size: 512

/dev/sda1 : start=    17010688, size=    41943040, type=0FC63DAF-8483-4772-8E79-3D69D8477DE4, uuid=808EEF6E-8AA7-FC4F-A94A-B32668EC0142, name="STATE"
/dev/sda2 : start=          69, size=       32768, type=FE3A2A5D-4F32-41A7-B725-ACCC3285A309, uuid=A97685B2-F58E-6B4B-9F2B-C7408E8FD74D, name="KERN-A", attrs="GUID:48,53,54,56"
/dev/sda3 : start=     8622080, size=     8388608, type=3CB8E202-3B7E-47DD-8A3C-7FF2A13CFCEC, uuid=66F59183-A5EC-CD48-8337-FA4FFFB85D15, name="ROOT-A"
/dev/sda4 : start=       32837, size=       32768, type=FE3A2A5D-4F32-41A7-B725-ACCC3285A309, uuid=EABC2FE2-5094-104E-87ED-B111BBF042A1, name="KERN-B", attrs="GUID:52,53,54,55"
/dev/sda5 : start=      233472, size=     8388608, type=3CB8E202-3B7E-47DD-8A3C-7FF2A13CFCEC, uuid=5EDA482E-281C-AE4B-B504-7CCCDC250090, name="ROOT-B"
/dev/sda6 : start=          65, size=           1, type=FE3A2A5D-4F32-41A7-B725-ACCC3285A309, uuid=27E01D57-2A9F-1348-ABC5-78BF8CBA62B2, name="KERN-C", attrs="GUID:52,53,54,55"
/dev/sda7 : start=          66, size=           1, type=3CB8E202-3B7E-47DD-8A3C-7FF2A13CFCEC, uuid=13164D6A-B4DF-D543-8F8A-E40B9D9201FB, name="ROOT-C"
/dev/sda8 : start=       69632, size=       32768, type=0FC63DAF-8483-4772-8E79-3D69D8477DE4, uuid=67634EC7-6C13-CA48-A44B-A3DF6AB72E06, name="OEM"
/dev/sda9 : start=          67, size=           1, type=2E0A753D-9E48-43B0-8337-B15192CB1B5E, uuid=E5EB0928-2A6D-8F48-BA29-056DF7C874AE, name="reserved"
/dev/sda10 : start=          68, size=           1, type=2E0A753D-9E48-43B0-8337-B15192CB1B5E, uuid=F063378D-327C-DC44-87E5-74A5A59336AB, name="reserved"
/dev/sda11 : start=          64, size=           1, type=CAB6E88E-ABF3-4102-A07A-D4BB9BE3C1D3, uuid=7366B43F-A78A-A646-924E-83378E9C694D, name="RWFW"
/dev/sda12 : start=      102400, size=      131072, type=C12A7328-F81F-11D2-BA4B-00A0C93EC93B, uuid=D3912E0A-987C-0843-B1F6-98E00D4415C7, name="EFI-SYSTEM", attrs="LegacyBIOSBootable"
/dev/sda13 : start=    58953728, size=      524288, type=EBD0A0A2-B9E5-4433-87C0-68B6B72699C7, uuid=8C678F1E-729F-484B-8368-92DF1332E62A
